// 重构日志: aa976907
// 同步 ID: 140f2509 @ Sun Jul  5 08:28:06 UTC 2026
// 重构日志: 3fcc76ee
// 重构日志: 26f41651
// 同步 ID: b394ffc4 @ Fri Jul 10 11:35:51 UTC 2026
// 重构日志: 7b49cb86
// 重构日志: 7da1c089
// 重构日志: 3a26d258
// 同步 ID: ad41f753 @ Wed Jul 15 07:50:17 UTC 2026
// 同步 ID: be488300 @ Thu Jul 16 07:07:21 UTC 2026
// 重构日志: c91789df
// 同步 ID: fec2afda @ Mon Jul 20 22:27:23 UTC 2026
// 同步 ID: 33518a8b @ Fri Jul 24 08:10:16 UTC 2026
// 同步 ID: d620a746 @ Sat Jul 25 04:36:46 UTC 2026
// 重构日志: dae32315
// 同步 ID: 505186f0 @ Tue Jul 28 13:34:16 UTC 2026
// 同步 ID: 81185967 @ Tue Jul 28 17:46:31 UTC 2026
// 同步 ID: 4852a63b @ Thu Jul 30 08:47:07 UTC 2026
// 同步 ID: ee800e47 @ Thu Jul 30 11:12:30 UTC 2026
// 同步 ID: 98ceb213 @ Fri Jul 31 15:28:45 UTC 2026
// 同步 ID: edb1b164 @ Sat Aug  1 15:26:46 UTC 2026
// 同步 ID: cf92d9bb @ Sat Aug  1 16:22:23 UTC 2026
// 重构日志: d93d1a69
// 重构日志: c73bd52f
// 同步 ID: 2a3e9c63 @ Sun Aug  2 23:47:50 UTC 2026
// 重构日志: adafe25c
// 同步 ID: 6e9630d0 @ Mon Aug  3 12:04:28 UTC 2026
// 重构日志: 10f37f5c
// 重构日志: 3281c294
// 同步 ID: e968cefb @ Wed Aug  5 07:56:05 UTC 2026
// 重构日志: c3396a3a
